Archive member included because of file (symbol)

c:/winavr-20100110/bin/../lib/gcc/avr/4.3.3/avr5\libgcc.a(_udivmodqi4.o)
                              ./MCAL/EF_UART.o (__udivmodqi4)
c:/winavr-20100110/bin/../lib/gcc/avr/4.3.3/avr5\libgcc.a(_udivmodhi4.o)
                              ./HAL/EF_7Segment.o (__udivmodhi4)
c:/winavr-20100110/bin/../lib/gcc/avr/4.3.3/avr5\libgcc.a(_divmodhi4.o)
                              ./MCAL/EF_PWM.o (__divmodhi4)
c:/winavr-20100110/bin/../lib/gcc/avr/4.3.3/avr5\libgcc.a(_udivmodsi4.o)
                              ./MCAL/EF_UART.o (__udivmodsi4)
c:/winavr-20100110/bin/../lib/gcc/avr/4.3.3/avr5\libgcc.a(_exit.o)
                              c:/winavr-20100110/bin/../lib/gcc/avr/4.3.3/../../../../avr/lib/avr5/crtm32.o (exit)
c:/winavr-20100110/bin/../lib/gcc/avr/4.3.3/avr5\libgcc.a(_copy_data.o)
                              ./MCAL/EF_UART.o (__do_copy_data)
c:/winavr-20100110/bin/../lib/gcc/avr/4.3.3/avr5\libgcc.a(_clear_bss.o)
                              ./MCAL/EF_SpechialTIMER.o (__do_clear_bss)
c:/winavr-20100110/bin/../lib/gcc/avr/4.3.3/../../../../avr/lib/avr5\libc.a(itoa.o)
                              ./MCAL/EF_UART.o (itoa)
c:/winavr-20100110/bin/../lib/gcc/avr/4.3.3/../../../../avr/lib/avr5\libc.a(strrev.o)
                              c:/winavr-20100110/bin/../lib/gcc/avr/4.3.3/../../../../avr/lib/avr5\libc.a(itoa.o) (strrev)

Memory Configuration

Name             Origin             Length             Attributes
text             0x00000000         0x00020000         xr
data             0x00800060         0x0000ffa0         rw !x
eeprom           0x00810000         0x00010000         rw !x
fuse             0x00820000         0x00000400         rw !x
lock             0x00830000         0x00000400         rw !x
signature        0x00840000         0x00000400         rw !x
*default*        0x00000000         0xffffffff

Linker script and memory map

LOAD c:/winavr-20100110/bin/../lib/gcc/avr/4.3.3/../../../../avr/lib/avr5/crtm32.o
LOAD ./MCAL/EF_ADC.o
LOAD ./MCAL/EF_DIO.o
LOAD ./MCAL/EF_EEPROM.o
LOAD ./MCAL/EF_I2C.o
LOAD ./MCAL/EF_InputCapture.o
LOAD ./MCAL/EF_PWM.o
LOAD ./MCAL/EF_SPI.o
LOAD ./MCAL/EF_SpechialTIMER.o
LOAD ./MCAL/EF_Timer.o
LOAD ./MCAL/EF_UART.o
LOAD ./HAL/EF_7Segment.o
LOAD ./HAL/EF_E2PROM_24C16.o
LOAD ./HAL/EF_E2PROM_24C64.o
LOAD ./HAL/EF_Keypad.o
LOAD ./HAL/EF_LCD.o
LOAD ./main.o
LOAD c:/winavr-20100110/bin/../lib/gcc/avr/4.3.3/../../../../avr/lib/avr5\libm.a
LOAD c:/winavr-20100110/bin/../lib/gcc/avr/4.3.3/avr5\libgcc.a
LOAD c:/winavr-20100110/bin/../lib/gcc/avr/4.3.3/../../../../avr/lib/avr5\libc.a
LOAD c:/winavr-20100110/bin/../lib/gcc/avr/4.3.3/avr5\libgcc.a

.hash
 *(.hash)

.dynsym
 *(.dynsym)

.dynstr
 *(.dynstr)

.gnu.version
 *(.gnu.version)

.gnu.version_d
 *(.gnu.version_d)

.gnu.version_r
 *(.gnu.version_r)

.rel.init
 *(.rel.init)

.rela.init
 *(.rela.init)

.rel.text
 *(.rel.text)
 *(.rel.text.*)
 *(.rel.gnu.linkonce.t*)

.rela.text
 *(.rela.text)
 *(.rela.text.*)
 *(.rela.gnu.linkonce.t*)

.rel.fini
 *(.rel.fini)

.rela.fini
 *(.rela.fini)

.rel.rodata
 *(.rel.rodata)
 *(.rel.rodata.*)
 *(.rel.gnu.linkonce.r*)

.rela.rodata
 *(.rela.rodata)
 *(.rela.rodata.*)
 *(.rela.gnu.linkonce.r*)

.rel.data
 *(.rel.data)
 *(.rel.data.*)
 *(.rel.gnu.linkonce.d*)

.rela.data
 *(.rela.data)
 *(.rela.data.*)
 *(.rela.gnu.linkonce.d*)

.rel.ctors
 *(.rel.ctors)

.rela.ctors
 *(.rela.ctors)

.rel.dtors
 *(.rel.dtors)

.rela.dtors
 *(.rela.dtors)

.rel.got
 *(.rel.got)

.rela.got
 *(.rela.got)

.rel.bss
 *(.rel.bss)

.rela.bss
 *(.rela.bss)

.rel.plt
 *(.rel.plt)

.rela.plt
 *(.rela.plt)

.text           0x00000000     0x177a
 *(.vectors)
 .vectors       0x00000000       0x54 c:/winavr-20100110/bin/../lib/gcc/avr/4.3.3/../../../../avr/lib/avr5/crtm32.o
                0x00000000                __vectors
                0x00000000                __vector_default
 *(.vectors)
 *(.progmem.gcc*)
 *(.progmem*)
                0x00000054                . = ALIGN (0x2)
                0x00000054                __trampolines_start = .
 *(.trampolines)
 .trampolines   0x00000054        0x0 linker stubs
 *(.trampolines*)
                0x00000054                __trampolines_end = .
 *(.jumptables)
 *(.jumptables*)
 *(.lowtext)
 *(.lowtext*)
                0x00000054                __ctors_start = .
 *(.ctors)
                0x00000054                __ctors_end = .
                0x00000054                __dtors_start = .
 *(.dtors)
                0x00000054                __dtors_end = .
 SORT(*)(.ctors)
 SORT(*)(.dtors)
 *(.init0)
 .init0         0x00000054        0x0 c:/winavr-20100110/bin/../lib/gcc/avr/4.3.3/../../../../avr/lib/avr5/crtm32.o
                0x00000054                __init
 *(.init0)
 *(.init1)
 *(.init1)
 *(.init2)
 .init2         0x00000054        0xc c:/winavr-20100110/bin/../lib/gcc/avr/4.3.3/../../../../avr/lib/avr5/crtm32.o
 *(.init2)
 *(.init3)
 *(.init3)
 *(.init4)
 .init4         0x00000060       0x16 c:/winavr-20100110/bin/../lib/gcc/avr/4.3.3/avr5\libgcc.a(_copy_data.o)
                0x00000060                __do_copy_data
 .init4         0x00000076       0x10 c:/winavr-20100110/bin/../lib/gcc/avr/4.3.3/avr5\libgcc.a(_clear_bss.o)
                0x00000076                __do_clear_bss
 *(.init4)
 *(.init5)
 *(.init5)
 *(.init6)
 *(.init6)
 *(.init7)
 *(.init7)
 *(.init8)
 *(.init8)
 *(.init9)
 .init9         0x00000086        0x8 c:/winavr-20100110/bin/../lib/gcc/avr/4.3.3/../../../../avr/lib/avr5/crtm32.o
 *(.init9)
 *(.text)
 .text          0x0000008e        0x4 c:/winavr-20100110/bin/../lib/gcc/avr/4.3.3/../../../../avr/lib/avr5/crtm32.o
                0x0000008e                __vector_1
                0x0000008e                __vector_12
                0x0000008e                __bad_interrupt
                0x0000008e                __vector_6
                0x0000008e                __vector_3
                0x0000008e                __vector_11
                0x0000008e                __vector_13
                0x0000008e                __vector_17
                0x0000008e                __vector_19
                0x0000008e                __vector_7
                0x0000008e                __vector_4
                0x0000008e                __vector_9
                0x0000008e                __vector_2
                0x0000008e                __vector_15
                0x0000008e                __vector_8
                0x0000008e                __vector_14
                0x0000008e                __vector_10
                0x0000008e                __vector_16
                0x0000008e                __vector_18
                0x0000008e                __vector_20
 .text          0x00000092        0x0 ./MCAL/EF_ADC.o
 .text          0x00000092        0x0 ./MCAL/EF_DIO.o
 .text          0x00000092        0x0 ./MCAL/EF_EEPROM.o
 .text          0x00000092        0x0 ./MCAL/EF_I2C.o
 .text          0x00000092        0x0 ./MCAL/EF_InputCapture.o
 .text          0x00000092        0x0 ./MCAL/EF_PWM.o
 .text          0x00000092        0x0 ./MCAL/EF_SPI.o
 .text          0x00000092        0x0 ./MCAL/EF_SpechialTIMER.o
 .text          0x00000092        0x0 ./MCAL/EF_Timer.o
 .text          0x00000092        0x0 ./MCAL/EF_UART.o
 .text          0x00000092        0x0 ./HAL/EF_7Segment.o
 .text          0x00000092        0x0 ./HAL/EF_E2PROM_24C16.o
 .text          0x00000092        0x0 ./HAL/EF_E2PROM_24C64.o
 .text          0x00000092        0x0 ./HAL/EF_Keypad.o
 .text          0x00000092        0x0 ./HAL/EF_LCD.o
 .text          0x00000092        0x0 ./main.o
 .text          0x00000092        0x0 c:/winavr-20100110/bin/../lib/gcc/avr/4.3.3/avr5\libgcc.a(_udivmodqi4.o)
 .text          0x00000092        0x0 c:/winavr-20100110/bin/../lib/gcc/avr/4.3.3/avr5\libgcc.a(_udivmodhi4.o)
 .text          0x00000092        0x0 c:/winavr-20100110/bin/../lib/gcc/avr/4.3.3/avr5\libgcc.a(_divmodhi4.o)
 .text          0x00000092        0x0 c:/winavr-20100110/bin/../lib/gcc/avr/4.3.3/avr5\libgcc.a(_udivmodsi4.o)
 .text          0x00000092        0x0 c:/winavr-20100110/bin/../lib/gcc/avr/4.3.3/avr5\libgcc.a(_exit.o)
 .text          0x00000092        0x0 c:/winavr-20100110/bin/../lib/gcc/avr/4.3.3/avr5\libgcc.a(_copy_data.o)
 .text          0x00000092        0x0 c:/winavr-20100110/bin/../lib/gcc/avr/4.3.3/avr5\libgcc.a(_clear_bss.o)
 .text          0x00000092        0x0 c:/winavr-20100110/bin/../lib/gcc/avr/4.3.3/../../../../avr/lib/avr5\libc.a(itoa.o)
 .text          0x00000092        0x0 c:/winavr-20100110/bin/../lib/gcc/avr/4.3.3/../../../../avr/lib/avr5\libc.a(strrev.o)
                0x00000092                . = ALIGN (0x2)
 *(.text.*)
 .text.EF_void_ADC_init
                0x00000092       0x14 ./MCAL/EF_ADC.o
                0x00000092                EF_void_ADC_init
 .text.EF_u16_ADC_read
                0x000000a6       0x20 ./MCAL/EF_ADC.o
                0x000000a6                EF_u16_ADC_read
 .text.EF_S8_DIO_InitPort
                0x000000c6       0x44 ./MCAL/EF_DIO.o
                0x000000c6                EF_S8_DIO_InitPort
 .text.EF_S8_DIO_WritePort
                0x0000010a       0x54 ./MCAL/EF_DIO.o
                0x0000010a                EF_S8_DIO_WritePort
 .text.EF_S16_DIO_ReadPort
                0x0000015e       0x58 ./MCAL/EF_DIO.o
                0x0000015e                EF_S16_DIO_ReadPort
 .text.EF_B_DIO_InitPin
                0x000001b6      0x122 ./MCAL/EF_DIO.o
                0x000001b6                EF_B_DIO_InitPin
 .text.EF_S8_DIO_SetPin
                0x000002d8       0x92 ./MCAL/EF_DIO.o
                0x000002d8                EF_S8_DIO_SetPin
 .text.EF_S8_DIO_ClearPin
                0x0000036a       0x9c ./MCAL/EF_DIO.o
                0x0000036a                EF_S8_DIO_ClearPin
 .text.EF_S8_DIO_SetPort
                0x00000406       0x4c ./MCAL/EF_DIO.o
                0x00000406                EF_S8_DIO_SetPort
 .text.EF_S8_DIO_ClearPort
                0x00000452       0x44 ./MCAL/EF_DIO.o
                0x00000452                EF_S8_DIO_ClearPort
 .text.EF_S8_DIO_TogglePin
                0x00000496       0x92 ./MCAL/EF_DIO.o
                0x00000496                EF_S8_DIO_TogglePin
 .text.EF_S8_DIO_CheckPin
                0x00000528       0x66 ./MCAL/EF_DIO.o
                0x00000528                EF_S8_DIO_CheckPin
 .text.EF_void_EEPROM_WriteByte
                0x0000058e       0x10 ./MCAL/EF_EEPROM.o
                0x0000058e                EF_void_EEPROM_WriteByte
 .text.EF_u8_EPROM_ReadByte
                0x0000059e       0x16 ./MCAL/EF_EEPROM.o
                0x0000059e                EF_u8_EPROM_ReadByte
 .text.EF_void_EEPROM_WriteNBytes
                0x000005b4       0x48 ./MCAL/EF_EEPROM.o
                0x000005b4                EF_void_EEPROM_WriteNBytes
 .text.EF_void_EEPROM_ReadNBytes
                0x000005fc       0x36 ./MCAL/EF_EEPROM.o
                0x000005fc                EF_void_EEPROM_ReadNBytes
 .text.EF_void_EEPROM_Erase
                0x00000632       0x20 ./MCAL/EF_EEPROM.o
                0x00000632                EF_void_EEPROM_Erase
 .text.EF_void_I2C_Write
                0x00000652        0xe ./MCAL/EF_I2C.o
                0x00000652                EF_void_I2C_Write
 .text.EF_void_I2C_Start
                0x00000660        0xc ./MCAL/EF_I2C.o
                0x00000660                EF_void_I2C_Start
 .text.EF_void_I2C_Stop
                0x0000066c        0x6 ./MCAL/EF_I2C.o
                0x0000066c                EF_void_I2C_Stop
 .text.EF_void_I2C_Init
                0x00000672        0xc ./MCAL/EF_I2C.o
                0x00000672                EF_void_I2C_Init
 .text.EF_U8_I2C_Read_Byte
                0x0000067e       0x1e ./MCAL/EF_I2C.o
                0x0000067e                EF_U8_I2C_Read_Byte
 .text.EF_void_InputCapture_Init
                0x0000069c        0x4 ./MCAL/EF_InputCapture.o
                0x0000069c                EF_void_InputCapture_Init
 .text.EF_BOOLEAN_InputCapture_GetPeriod
                0x000006a0       0xb6 ./MCAL/EF_InputCapture.o
                0x000006a0                EF_BOOLEAN_InputCapture_GetPeriod
 .text.EF_BOOLEAN_InputCapture_GetPulse
                0x00000756       0xba ./MCAL/EF_InputCapture.o
                0x00000756                EF_BOOLEAN_InputCapture_GetPulse
 .text.EF_void_PWM_init
                0x00000810       0x50 ./MCAL/EF_PWM.o
                0x00000810                EF_void_PWM_init
 .text.EF_void_PWM_SetDutyValue
                0x00000860       0x28 ./MCAL/EF_PWM.o
                0x00000860                EF_void_PWM_SetDutyValue
 .text.EF_void_PWM_SetDutyCycle
                0x00000888       0x22 ./MCAL/EF_PWM.o
                0x00000888                EF_void_PWM_SetDutyCycle
 .text.EF_SpiTransfer
                0x000008aa        0xa ./MCAL/EF_SPI.o
                0x000008aa                EF_SpiTransfer
 .text.EF_BOOLEAN_SpiTransfer
                0x000008b4       0x3c ./MCAL/EF_SPI.o
                0x000008b4                EF_BOOLEAN_SpiTransfer
 .text.EF_SpiInit
                0x000008f0       0x20 ./MCAL/EF_SPI.o
                0x000008f0                EF_SpiInit
 .text.EF_void_TimerDelete
                0x00000910       0x34 ./MCAL/EF_SpechialTIMER.o
                0x00000910                EF_void_TimerDelete
 .text.EF_void_TimerCreate
                0x00000944       0x3e ./MCAL/EF_SpechialTIMER.o
                0x00000944                EF_void_TimerCreate
 .text.EF_void_TimersUpdate
                0x00000982       0x5a ./MCAL/EF_SpechialTIMER.o
                0x00000982                EF_void_TimersUpdate
 .text.EF_void_TimerISRCallback
                0x000009dc        0x6 ./MCAL/EF_SpechialTIMER.o
 .text.EF_BOOLEAN_TimerCheck
                0x000009e2       0x20 ./MCAL/EF_SpechialTIMER.o
                0x000009e2                EF_BOOLEAN_TimerCheck
 .text.EF_void_TimerStart
                0x00000a02       0x22 ./MCAL/EF_SpechialTIMER.o
                0x00000a02                EF_void_TimerStart
 .text.EF_void_TimerStop
                0x00000a24       0x18 ./MCAL/EF_SpechialTIMER.o
                0x00000a24                EF_void_TimerStop
 .text.EF_void_TimerReset
                0x00000a3c       0x1a ./MCAL/EF_SpechialTIMER.o
                0x00000a3c                EF_void_TimerReset
 .text.EF_void_TimerInit
                0x00000a56       0x40 ./MCAL/EF_SpechialTIMER.o
                0x00000a56                EF_void_TimerInit
 .text.EF_void_Timer_PORTinit
                0x00000a96       0x1a ./MCAL/EF_Timer.o
                0x00000a96                EF_void_Timer_PORTinit
 .text.EF_void_Timer_SetISRCallBack
                0x00000ab0        0xa ./MCAL/EF_Timer.o
                0x00000ab0                EF_void_Timer_SetISRCallBack
 .text.EF_void_Timer_RemoveTimerISRCallBack
                0x00000aba        0xa ./MCAL/EF_Timer.o
                0x00000aba                EF_void_Timer_RemoveTimerISRCallBack
 .text.__vector_5
                0x00000ac4       0x5c ./MCAL/EF_Timer.o
                0x00000ac4                __vector_5
 .text.EF_u8_UART_WaitChar
                0x00000b20        0x8 ./MCAL/EF_UART.o
                0x00000b20                EF_u8_UART_WaitChar
 .text.EF_void_UART_PutChar
                0x00000b28        0x8 ./MCAL/EF_UART.o
                0x00000b28                EF_void_UART_PutChar
 .text.EF_void_UART_SendArray
                0x00000b30       0x18 ./MCAL/EF_UART.o
                0x00000b30                EF_void_UART_SendArray
 .text.EF_void_UART_SendString
                0x00000b48       0x1a ./MCAL/EF_UART.o
                0x00000b48                EF_void_UART_SendString
 .text.EF_void_UART_SendNewLine
                0x00000b62       0x12 ./MCAL/EF_UART.o
                0x00000b62                EF_void_UART_SendNewLine
 .text.EF_void_UART_update_time
                0x00000b74       0xec ./MCAL/EF_UART.o
                0x00000b74                EF_void_UART_update_time
 .text.EF_void_UART_Send_Integer
                0x00000c60       0x5c ./MCAL/EF_UART.o
                0x00000c60                EF_void_UART_Send_Integer
 .text.EF_void_UART_Send_data_PBM
                0x00000cbc       0x6e ./MCAL/EF_UART.o
                0x00000cbc                EF_void_UART_Send_data_PBM
 .text.EF_void_UART_Send_data_temp
                0x00000d2a       0x86 ./MCAL/EF_UART.o
                0x00000d2a                EF_void_UART_Send_data_temp
 .text.EF_BOOLEAN_UART_PutChar
                0x00000db0       0x34 ./MCAL/EF_UART.o
                0x00000db0                EF_BOOLEAN_UART_PutChar
 .text.EF_BOOLEAN_UART_GetChar
                0x00000de4       0x38 ./MCAL/EF_UART.o
                0x00000de4                EF_BOOLEAN_UART_GetChar
 .text.EF_void_UART_Init
                0x00000e1c       0xa2 ./MCAL/EF_UART.o
                0x00000e1c                EF_void_UART_Init
 .text.EF_7SegmentWriteData
                0x00000ebe        0xa ./HAL/EF_7Segment.o
                0x00000ebe                EF_7SegmentWriteData
 .text.EF_void_Segment_Display
                0x00000ec8      0x136 ./HAL/EF_7Segment.o
                0x00000ec8                EF_void_Segment_Display
 .text.EF_void_Segment_Init
                0x00000ffe       0x52 ./HAL/EF_7Segment.o
                0x00000ffe                EF_void_Segment_Init
 .text.EF_void_EEPROM24C16_Read_Byte
                0x00001050       0x38 ./HAL/EF_E2PROM_24C16.o
                0x00001050                EF_void_EEPROM24C16_Read_Byte
 .text.EF_void_EEPROM24C16_Write_Byte
                0x00001088       0x36 ./HAL/EF_E2PROM_24C16.o
                0x00001088                EF_void_EEPROM24C16_Write_Byte
 .text.EF_void_EEPROM24C16_Init
                0x000010be        0x6 ./HAL/EF_E2PROM_24C16.o
                0x000010be                EF_void_EEPROM24C16_Init
 .text.EF_u8_EEPROM24C64_Read_Byte
                0x000010c4       0x6c ./HAL/EF_E2PROM_24C64.o
                0x000010c4                EF_u8_EEPROM24C64_Read_Byte
 .text.EF_u8_EEPROM24C64_Write_Byte
                0x00001130       0x60 ./HAL/EF_E2PROM_24C64.o
                0x00001130                EF_u8_EEPROM24C64_Write_Byte
 .text.EF_void_EEPROM24C64_Init
                0x00001190        0x6 ./HAL/EF_E2PROM_24C64.o
                0x00001190                EF_void_EEPROM24C64_Init
 .text.EF_u8_KeyPad_Scan
                0x00001196       0xe0 ./HAL/EF_Keypad.o
                0x00001196                EF_u8_KeyPad_Scan
 .text.EF_void_KeyPad_Init
                0x00001276       0x56 ./HAL/EF_Keypad.o
                0x00001276                EF_void_KeyPad_Init
 .text.EF_void_LCD_send_command
                0x000012cc       0x50 ./HAL/EF_LCD.o
                0x000012cc                EF_void_LCD_send_command
 .text.EF_void_LCD_send_data
                0x0000131c       0x50 ./HAL/EF_LCD.o
                0x0000131c                EF_void_LCD_send_data
 .text.EF_void_LCD_goto
                0x0000136c       0x42 ./HAL/EF_LCD.o
                0x0000136c                EF_void_LCD_goto
 .text.EF_void_LCD_print
                0x000013ae       0x26 ./HAL/EF_LCD.o
                0x000013ae                EF_void_LCD_print
 .text.EF_void_LCD_print_ByLength
                0x000013d4       0x26 ./HAL/EF_LCD.o
                0x000013d4                EF_void_LCD_print_ByLength
 .text.EF_void_LCD_Clear_Screen
                0x000013fa       0x16 ./HAL/EF_LCD.o
                0x000013fa                EF_void_LCD_Clear_Screen
 .text.EF_void_uploadCustomChar
                0x00001410       0x3c ./HAL/EF_LCD.o
                0x00001410                EF_void_uploadCustomChar
 .text.EF_void_LCD_HextoASCII
                0x0000144c       0x32 ./HAL/EF_LCD.o
                0x0000144c                EF_void_LCD_HextoASCII
 .text.LCD_4BIT_Write_Init
                0x0000147e       0x18 ./HAL/EF_LCD.o
                0x0000147e                LCD_4BIT_Write_Init
 .text.EF_void_LCD_init
                0x00001496       0x72 ./HAL/EF_LCD.o
                0x00001496                EF_void_LCD_init
 .text.EF_void_LCD_Newline
                0x00001508       0x10 ./HAL/EF_LCD.o
                0x00001508                EF_void_LCD_Newline
 .text.EF_void_LCD_print_Number
                0x00001518       0x74 ./HAL/EF_LCD.o
                0x00001518                EF_void_LCD_print_Number
 .text.EF_void_LCD_print_NUM
                0x0000158c       0x90 ./HAL/EF_LCD.o
                0x0000158c                EF_void_LCD_print_NUM
 .text.main     0x0000161c       0x4e ./main.o
                0x0000161c                main
 .text.libgcc   0x0000166a       0x18 c:/winavr-20100110/bin/../lib/gcc/avr/4.3.3/avr5\libgcc.a(_udivmodqi4.o)
                0x0000166a                __udivmodqi4
 .text.libgcc   0x00001682       0x28 c:/winavr-20100110/bin/../lib/gcc/avr/4.3.3/avr5\libgcc.a(_udivmodhi4.o)
                0x00001682                __udivmodhi4
 .text.libgcc   0x000016aa       0x26 c:/winavr-20100110/bin/../lib/gcc/avr/4.3.3/avr5\libgcc.a(_divmodhi4.o)
                0x000016aa                __divmodhi4
                0x000016aa                _div
 .text.libgcc   0x000016d0       0x44 c:/winavr-20100110/bin/../lib/gcc/avr/4.3.3/avr5\libgcc.a(_udivmodsi4.o)
                0x000016d0                __udivmodsi4
 .text.libgcc   0x00001714        0x0 c:/winavr-20100110/bin/../lib/gcc/avr/4.3.3/avr5\libgcc.a(_exit.o)
 .text.libgcc   0x00001714        0x0 c:/winavr-20100110/bin/../lib/gcc/avr/4.3.3/avr5\libgcc.a(_copy_data.o)
 .text.libgcc   0x00001714        0x0 c:/winavr-20100110/bin/../lib/gcc/avr/4.3.3/avr5\libgcc.a(_clear_bss.o)
 .text.avr-libc
                0x00001714       0x42 c:/winavr-20100110/bin/../lib/gcc/avr/4.3.3/../../../../avr/lib/avr5\libc.a(itoa.o)
                0x00001714                itoa
 .text.avr-libc
                0x00001756       0x20 c:/winavr-20100110/bin/../lib/gcc/avr/4.3.3/../../../../avr/lib/avr5\libc.a(strrev.o)
                0x00001756                strrev
                0x00001776                . = ALIGN (0x2)
 *(.fini9)
 .fini9         0x00001776        0x0 c:/winavr-20100110/bin/../lib/gcc/avr/4.3.3/avr5\libgcc.a(_exit.o)
                0x00001776                exit
                0x00001776                _exit
 *(.fini9)
 *(.fini8)
 *(.fini8)
 *(.fini7)
 *(.fini7)
 *(.fini6)
 *(.fini6)
 *(.fini5)
 *(.fini5)
 *(.fini4)
 *(.fini4)
 *(.fini3)
 *(.fini3)
 *(.fini2)
 *(.fini2)
 *(.fini1)
 *(.fini1)
 *(.fini0)
 .fini0         0x00001776        0x4 c:/winavr-20100110/bin/../lib/gcc/avr/4.3.3/avr5\libgcc.a(_exit.o)
 *(.fini0)
                0x0000177a                _etext = .

.data           0x00800060       0x50 load address 0x0000177a
                0x00800060                PROVIDE (__data_start, .)
 *(.data)
 .data          0x00800060        0x0 c:/winavr-20100110/bin/../lib/gcc/avr/4.3.3/../../../../avr/lib/avr5/crtm32.o
 .data          0x00800060        0x0 ./MCAL/EF_ADC.o
 .data          0x00800060        0x0 ./MCAL/EF_DIO.o
 .data          0x00800060        0x0 ./MCAL/EF_EEPROM.o
 .data          0x00800060        0x0 ./MCAL/EF_I2C.o
 .data          0x00800060        0x0 ./MCAL/EF_InputCapture.o
 .data          0x00800060        0x0 ./MCAL/EF_PWM.o
 .data          0x00800060        0x0 ./MCAL/EF_SPI.o
 .data          0x00800060        0x0 ./MCAL/EF_SpechialTIMER.o
 .data          0x00800060        0x0 ./MCAL/EF_Timer.o
 .data          0x00800060       0x26 ./MCAL/EF_UART.o
 .data          0x00800086        0x0 ./HAL/EF_7Segment.o
 .data          0x00800086        0x0 ./HAL/EF_E2PROM_24C16.o
 .data          0x00800086        0x0 ./HAL/EF_E2PROM_24C64.o
 .data          0x00800086        0x0 ./HAL/EF_Keypad.o
 .data          0x00800086        0x0 ./HAL/EF_LCD.o
 .data          0x00800086       0x12 ./main.o
 .data          0x00800098        0x0 c:/winavr-20100110/bin/../lib/gcc/avr/4.3.3/avr5\libgcc.a(_udivmodqi4.o)
 .data          0x00800098        0x0 c:/winavr-20100110/bin/../lib/gcc/avr/4.3.3/avr5\libgcc.a(_udivmodhi4.o)
 .data          0x00800098        0x0 c:/winavr-20100110/bin/../lib/gcc/avr/4.3.3/avr5\libgcc.a(_divmodhi4.o)
 .data          0x00800098        0x0 c:/winavr-20100110/bin/../lib/gcc/avr/4.3.3/avr5\libgcc.a(_udivmodsi4.o)
 .data          0x00800098        0x0 c:/winavr-20100110/bin/../lib/gcc/avr/4.3.3/avr5\libgcc.a(_exit.o)
 .data          0x00800098        0x0 c:/winavr-20100110/bin/../lib/gcc/avr/4.3.3/avr5\libgcc.a(_copy_data.o)
 .data          0x00800098        0x0 c:/winavr-20100110/bin/../lib/gcc/avr/4.3.3/avr5\libgcc.a(_clear_bss.o)
 .data          0x00800098        0x0 c:/winavr-20100110/bin/../lib/gcc/avr/4.3.3/../../../../avr/lib/avr5\libc.a(itoa.o)
 .data          0x00800098        0x0 c:/winavr-20100110/bin/../lib/gcc/avr/4.3.3/../../../../avr/lib/avr5\libc.a(strrev.o)
 *(.data*)
 *(.rodata)
 *(.rodata*)
 .rodata.uart_reg
                0x00800098        0xc ./MCAL/EF_UART.o
                0x00800098                uart_reg
 .rodata.C.0.1578
                0x008000a4        0xb ./main.o
 *(.gnu.linkonce.d*)
                0x008000b0                . = ALIGN (0x2)
 *fill*         0x008000af        0x1 00
                0x008000b0                _edata = .
                0x008000b0                PROVIDE (__data_end, .)

.bss            0x008000b0       0x3e
                0x008000b0                PROVIDE (__bss_start, .)
 *(.bss)
 .bss           0x008000b0        0x0 c:/winavr-20100110/bin/../lib/gcc/avr/4.3.3/../../../../avr/lib/avr5/crtm32.o
 .bss           0x008000b0        0x0 ./MCAL/EF_ADC.o
 .bss           0x008000b0        0x0 ./MCAL/EF_DIO.o
 .bss           0x008000b0        0x0 ./MCAL/EF_EEPROM.o
 .bss           0x008000b0        0x0 ./MCAL/EF_I2C.o
 .bss           0x008000b0        0x0 ./MCAL/EF_InputCapture.o
 .bss           0x008000b0        0x0 ./MCAL/EF_PWM.o
 .bss           0x008000b0        0x0 ./MCAL/EF_SPI.o
 .bss           0x008000b0        0x0 ./MCAL/EF_SpechialTIMER.o
 .bss           0x008000b0        0x0 ./MCAL/EF_Timer.o
 .bss           0x008000b0        0x0 ./MCAL/EF_UART.o
 .bss           0x008000b0        0x0 ./HAL/EF_7Segment.o
 .bss           0x008000b0        0x0 ./HAL/EF_E2PROM_24C16.o
 .bss           0x008000b0        0x0 ./HAL/EF_E2PROM_24C64.o
 .bss           0x008000b0        0x0 ./HAL/EF_Keypad.o
 .bss           0x008000b0        0x0 ./HAL/EF_LCD.o
 .bss           0x008000b0        0x0 ./main.o
 .bss           0x008000b0        0x0 c:/winavr-20100110/bin/../lib/gcc/avr/4.3.3/avr5\libgcc.a(_udivmodqi4.o)
 .bss           0x008000b0        0x0 c:/winavr-20100110/bin/../lib/gcc/avr/4.3.3/avr5\libgcc.a(_udivmodhi4.o)
 .bss           0x008000b0        0x0 c:/winavr-20100110/bin/../lib/gcc/avr/4.3.3/avr5\libgcc.a(_divmodhi4.o)
 .bss           0x008000b0        0x0 c:/winavr-20100110/bin/../lib/gcc/avr/4.3.3/avr5\libgcc.a(_udivmodsi4.o)
 .bss           0x008000b0        0x0 c:/winavr-20100110/bin/../lib/gcc/avr/4.3.3/avr5\libgcc.a(_exit.o)
 .bss           0x008000b0        0x0 c:/winavr-20100110/bin/../lib/gcc/avr/4.3.3/avr5\libgcc.a(_copy_data.o)
 .bss           0x008000b0        0x0 c:/winavr-20100110/bin/../lib/gcc/avr/4.3.3/avr5\libgcc.a(_clear_bss.o)
 .bss           0x008000b0        0x0 c:/winavr-20100110/bin/../lib/gcc/avr/4.3.3/../../../../avr/lib/avr5\libc.a(itoa.o)
 .bss           0x008000b0        0x0 c:/winavr-20100110/bin/../lib/gcc/avr/4.3.3/../../../../avr/lib/avr5\libc.a(strrev.o)
 *(.bss*)
 .bss.timers_list
                0x008000b0       0x3c ./MCAL/EF_SpechialTIMER.o
 .bss.voidFuncPtr
                0x008000ec        0x2 ./MCAL/EF_Timer.o
 *(COMMON)
                0x008000ee                PROVIDE (__bss_end, .)
                0x0000177a                __data_load_start = LOADADDR (.data)
                0x000017ca                __data_load_end = (__data_load_start + SIZEOF (.data))

.noinit         0x008000ee        0x0
                0x008000ee                PROVIDE (__noinit_start, .)
 *(.noinit*)
                0x008000ee                PROVIDE (__noinit_end, .)
                0x008000ee                _end = .
                0x008000ee                PROVIDE (__heap_start, .)

.eeprom         0x00810000        0x0
 *(.eeprom*)
                0x00810000                __eeprom_end = .

.fuse
 *(.fuse)
 *(.lfuse)
 *(.hfuse)
 *(.efuse)

.lock
 *(.lock*)

.signature
 *(.signature*)

.stab
 *(.stab)

.stabstr
 *(.stabstr)

.stab.excl
 *(.stab.excl)

.stab.exclstr
 *(.stab.exclstr)

.stab.index
 *(.stab.index)

.stab.indexstr
 *(.stab.indexstr)

.comment
 *(.comment)

.debug
 *(.debug)

.line
 *(.line)

.debug_srcinfo
 *(.debug_srcinfo)

.debug_sfnames
 *(.debug_sfnames)

.debug_aranges
 *(.debug_aranges)

.debug_pubnames
 *(.debug_pubnames)

.debug_info
 *(.debug_info)
 *(.gnu.linkonce.wi.*)

.debug_abbrev
 *(.debug_abbrev)

.debug_line
 *(.debug_line)

.debug_frame
 *(.debug_frame)

.debug_str
 *(.debug_str)

.debug_loc
 *(.debug_loc)

.debug_macinfo
 *(.debug_macinfo)
OUTPUT(UART_Check.elf elf32-avr)
LOAD linker stubs
